../Core/Src/i2c-lcd.c:46:6:HD44780_Init	16	static
../Core/Src/i2c-lcd.c:101:6:HD44780_Clear	8	static
../Core/Src/i2c-lcd.c:107:6:HD44780_Home	8	static
../Core/Src/i2c-lcd.c:113:6:HD44780_SetCursor	40	static
../Core/Src/i2c-lcd.c:123:6:HD44780_NoDisplay	8	static
../Core/Src/i2c-lcd.c:129:6:HD44780_Display	8	static
../Core/Src/i2c-lcd.c:135:6:HD44780_NoCursor	8	static
../Core/Src/i2c-lcd.c:141:6:HD44780_Cursor	8	static
../Core/Src/i2c-lcd.c:147:6:HD44780_NoBlink	8	static
../Core/Src/i2c-lcd.c:153:6:HD44780_Blink	8	static
../Core/Src/i2c-lcd.c:159:6:HD44780_ScrollDisplayLeft	8	static
../Core/Src/i2c-lcd.c:164:6:HD44780_ScrollDisplayRight	8	static
../Core/Src/i2c-lcd.c:169:6:HD44780_LeftToRight	8	static
../Core/Src/i2c-lcd.c:175:6:HD44780_RightToLeft	8	static
../Core/Src/i2c-lcd.c:181:6:HD44780_AutoScroll	8	static
../Core/Src/i2c-lcd.c:187:6:HD44780_NoAutoScroll	8	static
../Core/Src/i2c-lcd.c:193:6:HD44780_CreateSpecialChar	24	static
../Core/Src/i2c-lcd.c:203:6:HD44780_PrintSpecialChar	16	static
../Core/Src/i2c-lcd.c:208:6:HD44780_LoadCustomCharacter	16	static
../Core/Src/i2c-lcd.c:213:6:HD44780_PrintStr	16	static
../Core/Src/i2c-lcd.c:218:6:HD44780_SetBacklight	16	static
../Core/Src/i2c-lcd.c:224:6:HD44780_NoBacklight	8	static
../Core/Src/i2c-lcd.c:230:6:HD44780_Backlight	8	static
../Core/Src/i2c-lcd.c:236:13:SendCommand	16	static
../Core/Src/i2c-lcd.c:241:13:SendChar	16	static
../Core/Src/i2c-lcd.c:246:13:Send	24	static
../Core/Src/i2c-lcd.c:254:13:Write4Bits	16	static
../Core/Src/i2c-lcd.c:260:13:ExpanderWrite	32	static
../Core/Src/i2c-lcd.c:266:13:PulseEnable	16	static
../Core/Src/i2c-lcd.c:275:13:DelayInit	4	static,ignoring_inline_asm
../Core/Src/i2c-lcd.c:291:13:DelayUS	32	static
