../Core/Src/main.c:86:5:main	32	static
../Core/Src/main.c:215:6:SystemClock_Config	88	static
../Core/Src/main.c:262:13:MX_I2C1_Init	8	static
../Core/Src/main.c:296:13:MX_TIM1_Init	32	static
../Core/Src/main.c:342:13:MX_USART2_UART_Init	8	static
../Core/Src/main.c:375:13:MX_GPIO_Init	48	static
../Core/Src/main.c:434:6:delay_us	16	static
../Core/Src/main.c:439:6:Set_Pin_Output	40	static
../Core/Src/main.c:448:6:Set_Pin_Input	40	static
../Core/Src/main.c:456:9:DS18B20_Start	16	static
../Core/Src/main.c:471:6:DS18B20_Write	24	static
../Core/Src/main.c:499:9:DS18B20_Read	16	static
../Core/Src/main.c:518:6:Display_Temp	40	static
../Core/Src/main.c:526:6:HAL_GPIO_EXTI_Callback	16	static
../Core/Src/main.c:542:6:Error_Handler	4	static,ignoring_inline_asm
